// Jest Snapshot v1, https://goo.gl/fbAQLP

exports[`[snapshot]Title 1`] = `
<div>
  <h1
    class="text-3xl font-bold underline m-10"
  >
    testtittle
  </h1>
</div>
`;
